Abbreviation,Active,ActiveYears,Comment,FilingCount,Name,Years
JDC,True,2,some comment,123,John Doe Combs,2
