Abbreviation,Active,ActiveYears,Comment,FilingCount,Name,Years
JD,True,2,some comment,123,John Doe,2
JD,True,2,some comment,0,John Doe1,2
JD,True,2,some comment,0,John Doe2,2
JD,True,2,some comment,0,John Doe3,2
JD,True,2,some comment,0,John Doe4,2
JD,True,2,some comment,0,John Doe5,2
JD,True,2,some comment,0,John Doe6,2
JD,True,2,some comment,0,John Doe7,2
JD,True,2,some comment,0,John Doe8,2
JD,True,2,some comment,0,John Doe9,2
JD,True,2,some comment,0,John Doe10,2
